Archive member included to satisfy reference by file (symbol)

E:/devkitPro/libnds/lib\libnds9.a(keys.o)
                              main.o (scanKeys)
E:/devkitPro/libnds/lib\libnds9.a(background.o)
                              main.o (bgState)
E:/devkitPro/libnds/lib\libnds9.a(securearea.o)
                              e:/devkitpro/devkitarm/bin/../lib/gcc/arm-none-eabi/7.1.0/../../../../arm-none-eabi/lib/thumb/ds_arm9_crt0.o (__secure_area__)
E:/devkitPro/libnds/lib\libnds9.a(initSystem.o)
                              e:/devkitpro/devkitarm/bin/../lib/gcc/arm-none-eabi/7.1.0/../../../../arm-none-eabi/lib/thumb/ds_arm9_crt0.o (initSystem)
E:/devkitPro/libnds/lib\libnds9.a(fifosystem.o)
                              E:/devkitPro/libnds/lib\libnds9.a(initSystem.o) (fifoSetValue32Handler)
E:/devkitPro/libnds/lib\libnds9.a(libnds_exit.arm.o)
                              e:/devkitpro/devkitarm/bin/../lib/gcc/arm-none-eabi/7.1.0/../../../../arm-none-eabi/lib/thumb/ds_arm9_crt0.o (__libnds_exit)
E:/devkitPro/libnds/lib\libnds9.a(interrupts.o)
                              E:/devkitPro/libnds/lib\libnds9.a(fifosystem.o) (irqSet)
E:/devkitPro/libnds/lib\libnds9.a(cpu_clock.o)
                              E:/devkitPro/libnds/lib\libnds9.a(initSystem.o) (setCpuClock)
E:/devkitPro/libnds/lib\libnds9.a(IntrWait.o)
                              main.o (swiWaitForVBlank)
E:/devkitPro/libnds/lib\libnds9.a(mpu_setup.o)
                              e:/devkitpro/devkitarm/bin/../lib/gcc/arm-none-eabi/7.1.0/../../../../arm-none-eabi/lib/thumb/ds_arm9_crt0.o (__libnds_mpu_setup)
E:/devkitPro/libnds/lib\libnds9.a(swiSoftReset.o)
                              E:/devkitPro/libnds/lib\libnds9.a(fifosystem.o) (swiSoftReset)
E:/devkitPro/libnds/lib\libnds9.a(interruptDispatcher.o)
                              E:/devkitPro/libnds/lib\libnds9.a(interrupts.o) (IntrMain)
E:/devkitPro/libnds/lib\libnds9.a(trig.o)
                              E:/devkitPro/libnds/lib\libnds9.a(background.o) (sinLerp)
E:/devkitPro/libnds/lib\libnds9.a(system.o)
                              E:/devkitPro/libnds/lib\libnds9.a(initSystem.o) (systemValueHandler)
E:/devkitPro/libnds/lib\libnds9.a(video.o)
                              E:/devkitPro/libnds/lib\libnds9.a(initSystem.o) (vramDefault)
E:/devkitPro/libnds/lib\libnds9.a(timeSupport.o)
                              E:/devkitPro/libnds/lib\libnds9.a(initSystem.o) (__libnds_gtod)
E:/devkitPro/libnds/lib\libnds9.a(biosCalls.o)
                              E:/devkitPro/libnds/lib\libnds9.a(system.o) (swiDelay)
e:/devkitpro/devkitarm/bin/../lib/gcc/arm-none-eabi/7.1.0/../../../../arm-none-eabi/lib/thumb\libg.a(lib_a-bsearch.o)
                              E:/devkitPro/libnds/lib\libnds9.a(trig.o) (bsearch)
e:/devkitpro/devkitarm/bin/../lib/gcc/arm-none-eabi/7.1.0/../../../../arm-none-eabi/lib/thumb\libg.a(lib_a-init.o)
                              e:/devkitpro/devkitarm/bin/../lib/gcc/arm-none-eabi/7.1.0/../../../../arm-none-eabi/lib/thumb/ds_arm9_crt0.o (__libc_init_array)
e:/devkitpro/devkitarm/bin/../lib/gcc/arm-none-eabi/7.1.0/../../../../arm-none-eabi/lib/thumb\libg.a(lib_a-memcpy-stub.o)
                              E:/devkitPro/libnds/lib\libnds9.a(fifosystem.o) (memcpy)
e:/devkitpro/devkitarm/bin/../lib/gcc/arm-none-eabi/7.1.0/../../../../arm-none-eabi/lib/thumb\libg.a(lib_a-memset.o)
                              E:/devkitPro/libnds/lib\libnds9.a(background.o) (memset)
e:/devkitpro/devkitarm/bin/../lib/gcc/arm-none-eabi/7.1.0/../../../../arm-none-eabi/lib/thumb\libsysbase.a(malloc_vars.o)
                              e:/devkitpro/devkitarm/bin/../lib/gcc/arm-none-eabi/7.1.0/../../../../arm-none-eabi/lib/thumb/ds_arm9_crt0.o (fake_heap_start)
e:/devkitpro/devkitarm/bin/../lib/gcc/arm-none-eabi/7.1.0/../../../../arm-none-eabi/lib/thumb\libsysbase.a(build_argv.o)
                              e:/devkitpro/devkitarm/bin/../lib/gcc/arm-none-eabi/7.1.0/../../../../arm-none-eabi/lib/thumb/ds_arm9_crt0.o (build_argv)
e:/devkitpro/devkitarm/bin/../lib/gcc/arm-none-eabi/7.1.0/../../../../arm-none-eabi/lib/thumb\libsysbase.a(syscall_support.o)
                              E:/devkitPro/libnds/lib\libnds9.a(initSystem.o) (__syscalls)

Allocating common symbols
Common symbol       size              file

fifo_datamsg_data   0x40              E:/devkitPro/libnds/lib\libnds9.a(fifosystem.o)
__dsimode           0x1               E:/devkitPro/libnds/lib\libnds9.a(initSystem.o)
bgState             0x140             E:/devkitPro/libnds/lib\libnds9.a(background.o)
fifo_buffer         0x800             E:/devkitPro/libnds/lib\libnds9.a(fifosystem.o)
bgIsTextLut         0x8               E:/devkitPro/libnds/lib\libnds9.a(background.o)
fifo_value32_func   0x40              E:/devkitPro/libnds/lib\libnds9.a(fifosystem.o)
fifo_address_func   0x40              E:/devkitPro/libnds/lib\libnds9.a(fifosystem.o)
fifo_value32_data   0x40              E:/devkitPro/libnds/lib\libnds9.a(fifosystem.o)
fifo_value32_queue  0x40              E:/devkitPro/libnds/lib\libnds9.a(fifosystem.o)
fifo_data_queue     0x40              E:/devkitPro/libnds/lib\libnds9.a(fifosystem.o)
punixTime           0x4               E:/devkitPro/libnds/lib\libnds9.a(timeSupport.o)
fifo_address_data   0x40              E:/devkitPro/libnds/lib\libnds9.a(fifosystem.o)
fifo_datamsg_func   0x40              E:/devkitPro/libnds/lib\libnds9.a(fifosystem.o)
fifo_address_queue  0x40              E:/devkitPro/libnds/lib\libnds9.a(fifosystem.o)

Discarded input sections

 .text          0x00000000        0x0 e:/devkitpro/devkitarm/bin/../lib/gcc/arm-none-eabi/7.1.0/../../../../arm-none-eabi/lib/thumb/ds_arm9_crt0.o
 .data          0x00000000        0x0 e:/devkitpro/devkitarm/bin/../lib/gcc/arm-none-eabi/7.1.0/../../../../arm-none-eabi/lib/thumb/ds_arm9_crt0.o
 .bss           0x00000000        0x0 e:/devkitpro/devkitarm/bin/../lib/gcc/arm-none-eabi/7.1.0/../../../../arm-none-eabi/lib/thumb/ds_arm9_crt0.o
 .text          0x00000000        0x0 e:/devkitpro/devkitarm/bin/../lib/gcc/arm-none-eabi/7.1.0/thumb/crti.o
 .data          0x00000000        0x0 e:/devkitpro/devkitarm/bin/../lib/gcc/arm-none-eabi/7.1.0/thumb/crti.o
 .bss           0x00000000        0x0 e:/devkitpro/devkitarm/bin/../lib/gcc/arm-none-eabi/7.1.0/thumb/crti.o
 .text          0x00000000        0x0 e:/devkitpro/devkitarm/bin/../lib/gcc/arm-none-eabi/7.1.0/thumb/crtbegin.o
 .data          0x00000000        0x0 e:/devkitpro/devkitarm/bin/../lib/gcc/arm-none-eabi/7.1.0/thumb/crtbegin.o
 .bss           0x00000000        0x0 e:/devkitpro/devkitarm/bin/../lib/gcc/arm-none-eabi/7.1.0/thumb/crtbegin.o
 .data.__dso_handle
                0x00000000        0x4 e:/devkitpro/devkitarm/bin/../lib/gcc/arm-none-eabi/7.1.0/thumb/crtbegin.o
 .text          0x00000000        0x0 logo.o
 .data          0x00000000        0x0 logo.o
 .bss           0x00000000        0x0 logo.o
 .data          0x00000000        0x0 main.o
 .bss           0x00000000        0x0 main.o
 .text          0x00000000        0x0 E:/devkitPro/libnds/lib\libnds9.a(keys.o)
 .data          0x00000000        0x0 E:/devkitPro/libnds/lib\libnds9.a(keys.o)
 .bss           0x00000000        0x0 E:/devkitPro/libnds/lib\libnds9.a(keys.o)
 .text.keysHeld
                0x00000000        0xc E:/devkitPro/libnds/lib\libnds9.a(keys.o)
 .text.keysDownRepeat
                0x00000000       0x10 E:/devkitPro/libnds/lib\libnds9.a(keys.o)
 .text.keysSetRepeat
                0x00000000       0x24 E:/devkitPro/libnds/lib\libnds9.a(keys.o)
 .text.keysUp   0x00000000       0x18 E:/devkitPro/libnds/lib\libnds9.a(keys.o)
 .text.keysCurrent
                0x00000000       0x38 E:/devkitPro/libnds/lib\libnds9.a(keys.o)
 .text          0x00000000        0x0 E:/devkitPro/libnds/lib\libnds9.a(background.o)
 .data          0x00000000        0x0 E:/devkitPro/libnds/lib\libnds9.a(background.o)
 .bss           0x00000000        0x0 E:/devkitPro/libnds/lib\libnds9.a(background.o)
 .text.bgIsText
                0x00000000        0xc E:/devkitPro/libnds/lib\libnds9.a(background.o)
 .text.checkIfText
                0x00000000       0x28 E:/devkitPro/libnds/lib\libnds9.a(background.o)
 .text          0x00000000        0x0 E:/devkitPro/libnds/lib\libnds9.a(securearea.o)
 .data          0x00000000        0x0 E:/devkitPro/libnds/lib\libnds9.a(securearea.o)
 .bss           0x00000000        0x0 E:/devkitPro/libnds/lib\libnds9.a(securearea.o)
 .text          0x00000000        0x0 E:/devkitPro/libnds/lib\libnds9.a(initSystem.o)
 .data          0x00000000        0x0 E:/devkitPro/libnds/lib\libnds9.a(initSystem.o)
 .bss           0x00000000        0x0 E:/devkitPro/libnds/lib\libnds9.a(initSystem.o)
 .text          0x00000000        0x0 E:/devkitPro/libnds/lib\libnds9.a(fifosystem.o)
 .data          0x00000000        0x0 E:/devkitPro/libnds/lib\libnds9.a(fifosystem.o)
 .bss           0x00000000        0x0 E:/devkitPro/libnds/lib\libnds9.a(fifosystem.o)
 .text.fifoSendAddress
                0x00000000       0x38 E:/devkitPro/libnds/lib\libnds9.a(fifosystem.o)
 .text.fifoSendDatamsg
                0x00000000       0x90 E:/devkitPro/libnds/lib\libnds9.a(fifosystem.o)
 .text.fifoGetAddress
                0x00000000       0x70 E:/devkitPro/libnds/lib\libnds9.a(fifosystem.o)
 .text.fifoSetAddressHandler
                0x00000000       0x74 E:/devkitPro/libnds/lib\libnds9.a(fifosystem.o)
 .text.fifoGetValue32
                0x00000000       0x14 E:/devkitPro/libnds/lib\libnds9.a(fifosystem.o)
 .text.fifoCheckAddress
                0x00000000       0x24 E:/devkitPro/libnds/lib\libnds9.a(fifosystem.o)
 .text.fifoCheckDatamsg
                0x00000000       0x24 E:/devkitPro/libnds/lib\libnds9.a(fifosystem.o)
 .text.fifoCheckDatamsgLength
                0x00000000       0x30 E:/devkitPro/libnds/lib\libnds9.a(fifosystem.o)
 .text.fifoCheckValue32
                0x00000000       0x24 E:/devkitPro/libnds/lib\libnds9.a(fifosystem.o)
 .text          0x00000000        0x0 E:/devkitPro/libnds/lib\libnds9.a(libnds_exit.arm.o)
 .data          0x00000000        0x0 E:/devkitPro/libnds/lib\libnds9.a(libnds_exit.arm.o)
 .bss           0x00000000        0x0 E:/devkitPro/libnds/lib\libnds9.a(libnds_exit.arm.o)
 .text          0x00000000        0x0 E:/devkitPro/libnds/lib\libnds9.a(interrupts.o)
 .data          0x00000000        0x0 E:/devkitPro/libnds/lib\libnds9.a(interrupts.o)
 .bss           0x00000000        0x0 E:/devkitPro/libnds/lib\libnds9.a(interrupts.o)
 .text.irqInitHandler
                0x00000000       0x28 E:/devkitPro/libnds/lib\libnds9.a(interrupts.o)
 .text.irqClear
                0x00000000       0x38 E:/devkitPro/libnds/lib\libnds9.a(interrupts.o)
 .text          0x00000000        0x0 E:/devkitPro/libnds/lib\libnds9.a(cpu_clock.o)
 .data          0x00000000        0x0 E:/devkitPro/libnds/lib\libnds9.a(cpu_clock.o)
 .bss           0x00000000        0x0 E:/devkitPro/libnds/lib\libnds9.a(cpu_clock.o)
 .itcm          0x00000000        0x0 E:/devkitPro/libnds/lib\libnds9.a(cpu_clock.o)
 .text          0x00000000        0x0 E:/devkitPro/libnds/lib\libnds9.a(IntrWait.o)
 .data          0x00000000        0x0 E:/devkitPro/libnds/lib\libnds9.a(IntrWait.o)
 .bss           0x00000000        0x0 E:/devkitPro/libnds/lib\libnds9.a(IntrWait.o)
 .text          0x00000000        0x0 E:/devkitPro/libnds/lib\libnds9.a(mpu_setup.o)
 .bss           0x00000000        0x0 E:/devkitPro/libnds/lib\libnds9.a(mpu_setup.o)
 .text.memCached
                0x00000000       0x20 E:/devkitPro/libnds/lib\libnds9.a(mpu_setup.o)
 .text          0x00000000        0x0 E:/devkitPro/libnds/lib\libnds9.a(swiSoftReset.o)
 .data          0x00000000        0x0 E:/devkitPro/libnds/lib\libnds9.a(swiSoftReset.o)
 .bss           0x00000000        0x0 E:/devkitPro/libnds/lib\libnds9.a(swiSoftReset.o)
 .text          0x00000000        0x0 E:/devkitPro/libnds/lib\libnds9.a(interruptDispatcher.o)
 .data          0x00000000        0x0 E:/devkitPro/libnds/lib\libnds9.a(interruptDispatcher.o)
 .bss           0x00000000        0x0 E:/devkitPro/libnds/lib\libnds9.a(interruptDispatcher.o)
 .text          0x00000000        0x0 E:/devkitPro/libnds/lib\libnds9.a(trig.o)
 .data          0x00000000        0x0 E:/devkitPro/libnds/lib\libnds9.a(trig.o)
 .bss           0x00000000        0x0 E:/devkitPro/libnds/lib\libnds9.a(trig.o)
 .text.asinComp
                0x00000000       0x24 E:/devkitPro/libnds/lib\libnds9.a(trig.o)
 .text.sinLutLookup
                0x00000000       0x38 E:/devkitPro/libnds/lib\libnds9.a(trig.o)
 .text.tanLutLookup
                0x00000000       0x34 E:/devkitPro/libnds/lib\libnds9.a(trig.o)
 .text.tanLerp  0x00000000       0xb4 E:/devkitPro/libnds/lib\libnds9.a(trig.o)
 .text.asinLerp
                0x00000000       0x98 E:/devkitPro/libnds/lib\libnds9.a(trig.o)
 .text.acosLerp
                0x00000000       0x14 E:/devkitPro/libnds/lib\libnds9.a(trig.o)
 .text.atanComp
                0x00000000       0x28 E:/devkitPro/libnds/lib\libnds9.a(trig.o)
 .rodata.TAN_LUT
                0x00000000      0x204 E:/devkitPro/libnds/lib\libnds9.a(trig.o)
 .text          0x00000000        0x0 E:/devkitPro/libnds/lib\libnds9.a(system.o)
 .data          0x00000000        0x0 E:/devkitPro/libnds/lib\libnds9.a(system.o)
 .bss           0x00000000        0x0 E:/devkitPro/libnds/lib\libnds9.a(system.o)
 .text.setSDcallback
                0x00000000        0xc E:/devkitPro/libnds/lib\libnds9.a(system.o)
 .text.systemSleep
                0x00000000       0x18 E:/devkitPro/libnds/lib\libnds9.a(system.o)
 .text.powerOff
                0x00000000       0x28 E:/devkitPro/libnds/lib\libnds9.a(system.o)
 .text.ledBlink
                0x00000000       0x10 E:/devkitPro/libnds/lib\libnds9.a(system.o)
 .text.getBatteryLevel
                0x00000000       0x20 E:/devkitPro/libnds/lib\libnds9.a(system.o)
 .text.enableSlot1
                0x00000000       0x1c E:/devkitPro/libnds/lib\libnds9.a(system.o)
 .text.disableSlot1
                0x00000000       0x1c E:/devkitPro/libnds/lib\libnds9.a(system.o)
 .text          0x00000000        0x0 E:/devkitPro/libnds/lib\libnds9.a(video.o)
 .data          0x00000000        0x0 E:/devkitPro/libnds/lib\libnds9.a(video.o)
 .bss           0x00000000        0x0 E:/devkitPro/libnds/lib\libnds9.a(video.o)
 .text.vramSetPrimaryBanks
                0x00000000       0x44 E:/devkitPro/libnds/lib\libnds9.a(video.o)
 .text.vramSetMainBanks
                0x00000000        0x8 E:/devkitPro/libnds/lib\libnds9.a(video.o)
 .text.vramSetBanks_EFG
                0x00000000       0x38 E:/devkitPro/libnds/lib\libnds9.a(video.o)
 .text.vramRestorePrimaryBanks
                0x00000000        0xc E:/devkitPro/libnds/lib\libnds9.a(video.o)
 .text.vramRestoreMainBanks
                0x00000000        0xc E:/devkitPro/libnds/lib\libnds9.a(video.o)
 .text.vramRestoreBanks_EFG
                0x00000000        0xc E:/devkitPro/libnds/lib\libnds9.a(video.o)
 .text.setBrightness
                0x00000000       0x40 E:/devkitPro/libnds/lib\libnds9.a(video.o)
 .text          0x00000000        0x0 E:/devkitPro/libnds/lib\libnds9.a(timeSupport.o)
 .data          0x00000000        0x0 E:/devkitPro/libnds/lib\libnds9.a(timeSupport.o)
 .bss           0x00000000        0x0 E:/devkitPro/libnds/lib\libnds9.a(timeSupport.o)
 .text          0x00000000        0x0 E:/devkitPro/libnds/lib\libnds9.a(biosCalls.o)
 .data          0x00000000        0x0 E:/devkitPro/libnds/lib\libnds9.a(biosCalls.o)
 .bss           0x00000000        0x0 E:/devkitPro/libnds/lib\libnds9.a(biosCalls.o)
 .text.swiSleep
                0x00000000        0x4 E:/devkitPro/libnds/lib\libnds9.a(biosCalls.o)
 .text.swiChangeSoundBias
                0x00000000        0x4 E:/devkitPro/libnds/lib\libnds9.a(biosCalls.o)
 .text.swiDivide
                0x00000000        0x4 E:/devkitPro/libnds/lib\libnds9.a(biosCalls.o)
 .text.swiRemainder
                0x00000000        0x8 E:/devkitPro/libnds/lib\libnds9.a(biosCalls.o)
 .text.swiDivMod
                0x00000000        0xc E:/devkitPro/libnds/lib\libnds9.a(biosCalls.o)
 .text.swiCopy  0x00000000        0x4 E:/devkitPro/libnds/lib\libnds9.a(biosCalls.o)
 .text.swiFastCopy
                0x00000000        0x4 E:/devkitPro/libnds/lib\libnds9.a(biosCalls.o)
 .text.swiSqrt  0x00000000        0x4 E:/devkitPro/libnds/lib\libnds9.a(biosCalls.o)
 .text.swiCRC16
                0x00000000        0x4 E:/devkitPro/libnds/lib\libnds9.a(biosCalls.o)
 .text.swiIsDebugger
                0x00000000        0x4 E:/devkitPro/libnds/lib\libnds9.a(biosCalls.o)
 .text.swiUnpackBits
                0x00000000        0x4 E:/devkitPro/libnds/lib\libnds9.a(biosCalls.o)
 .text.swiDecompressLZSSWram
                0x00000000        0x4 E:/devkitPro/libnds/lib\libnds9.a(biosCalls.o)
 .text.swiDecompressLZSSVramNTR
                0x00000000        0x4 E:/devkitPro/libnds/lib\libnds9.a(biosCalls.o)
 .text.swiDecompressLZSSVramTWL
                0x00000000        0x4 E:/devkitPro/libnds/lib\libnds9.a(biosCalls.o)
 .text.swiDecompressHuffman
                0x00000000        0x4 E:/devkitPro/libnds/lib\libnds9.a(biosCalls.o)
 .text.swiDecompressRLEWram
                0x00000000        0x4 E:/devkitPro/libnds/lib\libnds9.a(biosCalls.o)
 .text.swiDecompressRLEVram
                0x00000000        0x4 E:/devkitPro/libnds/lib\libnds9.a(biosCalls.o)
 .text.swiWaitForIRQ
                0x00000000        0x4 E:/devkitPro/libnds/lib\libnds9.a(biosCalls.o)
 .text.swiDecodeDelta8
                0x00000000        0x4 E:/devkitPro/libnds/lib\libnds9.a(biosCalls.o)
 .text.swiDecodeDelta16
                0x00000000        0x4 E:/devkitPro/libnds/lib\libnds9.a(biosCalls.o)
 .text.swiSetHaltCR
                0x00000000        0x4 E:/devkitPro/libnds/lib\libnds9.a(biosCalls.o)
 .text          0x00000000        0x0 e:/devkitpro/devkitarm/bin/../lib/gcc/arm-none-eabi/7.1.0/../../../../arm-none-eabi/lib/thumb\libg.a(lib_a-bsearch.o)
 .data          0x00000000        0x0 e:/devkitpro/devkitarm/bin/../lib/gcc/arm-none-eabi/7.1.0/../../../../arm-none-eabi/lib/thumb\libg.a(lib_a-bsearch.o)
 .bss           0x00000000        0x0 e:/devkitpro/devkitarm/bin/../lib/gcc/arm-none-eabi/7.1.0/../../../../arm-none-eabi/lib/thumb\libg.a(lib_a-bsearch.o)
 .text.bsearch  0x00000000       0x64 e:/devkitpro/devkitarm/bin/../lib/gcc/arm-none-eabi/7.1.0/../../../../arm-none-eabi/lib/thumb\libg.a(lib_a-bsearch.o)
 .comment       0x00000000       0x23 e:/devkitpro/devkitarm/bin/../lib/gcc/arm-none-eabi/7.1.0/../../../../arm-none-eabi/lib/thumb\libg.a(lib_a-bsearch.o)
 .ARM.attributes
                0x00000000       0x30 e:/devkitpro/devkitarm/bin/../lib/gcc/arm-none-eabi/7.1.0/../../../../arm-none-eabi/lib/thumb\libg.a(lib_a-bsearch.o)
 .text          0x00000000        0x0 e:/devkitpro/devkitarm/bin/../lib/gcc/arm-none-eabi/7.1.0/../../../../arm-none-eabi/lib/thumb\libg.a(lib_a-init.o)
 .data          0x00000000        0x0 e:/devkitpro/devkitarm/bin/../lib/gcc/arm-none-eabi/7.1.0/../../../../arm-none-eabi/lib/thumb\libg.a(lib_a-init.o)
 .bss           0x00000000        0x0 e:/devkitpro/devkitarm/bin/../lib/gcc/arm-none-eabi/7.1.0/../../../../arm-none-eabi/lib/thumb\libg.a(lib_a-init.o)
 .text          0x00000000        0x0 e:/devkitpro/devkitarm/bin/../lib/gcc/arm-none-eabi/7.1.0/../../../../arm-none-eabi/lib/thumb\libg.a(lib_a-memcpy-stub.o)
 .data          0x00000000        0x0 e:/devkitpro/devkitarm/bin/../lib/gcc/arm-none-eabi/7.1.0/../../../../arm-none-eabi/lib/thumb\libg.a(lib_a-memcpy-stub.o)
 .bss           0x00000000        0x0 e:/devkitpro/devkitarm/bin/../lib/gcc/arm-none-eabi/7.1.0/../../../../arm-none-eabi/lib/thumb\libg.a(lib_a-memcpy-stub.o)
 .text          0x00000000        0x0 e:/devkitpro/devkitarm/bin/../lib/gcc/arm-none-eabi/7.1.0/../../../../arm-none-eabi/lib/thumb\libg.a(lib_a-memset.o)
 .data          0x00000000        0x0 e:/devkitpro/devkitarm/bin/../lib/gcc/arm-none-eabi/7.1.0/../../../../arm-none-eabi/lib/thumb\libg.a(lib_a-memset.o)
 .bss           0x00000000        0x0 e:/devkitpro/devkitarm/bin/../lib/gcc/arm-none-eabi/7.1.0/../../../../arm-none-eabi/lib/thumb\libg.a(lib_a-memset.o)
 .text          0x00000000        0x0 e:/devkitpro/devkitarm/bin/../lib/gcc/arm-none-eabi/7.1.0/../../../../arm-none-eabi/lib/thumb\libsysbase.a(malloc_vars.o)
 .data          0x00000000        0x0 e:/devkitpro/devkitarm/bin/../lib/gcc/arm-none-eabi/7.1.0/../../../../arm-none-eabi/lib/thumb\libsysbase.a(malloc_vars.o)
 .bss           0x00000000        0x0 e:/devkitpro/devkitarm/bin/../lib/gcc/arm-none-eabi/7.1.0/../../../../arm-none-eabi/lib/thumb\libsysbase.a(malloc_vars.o)
 .text          0x00000000        0x0 e:/devkitpro/devkitarm/bin/../lib/gcc/arm-none-eabi/7.1.0/../../../../arm-none-eabi/lib/thumb\libsysbase.a(build_argv.o)
 .data          0x00000000        0x0 e:/devkitpro/devkitarm/bin/../lib/gcc/arm-none-eabi/7.1.0/../../../../arm-none-eabi/lib/thumb\libsysbase.a(build_argv.o)
 .bss           0x00000000        0x0 e:/devkitpro/devkitarm/bin/../lib/gcc/arm-none-eabi/7.1.0/../../../../arm-none-eabi/lib/thumb\libsysbase.a(build_argv.o)
 .text          0x00000000        0x0 e:/devkitpro/devkitarm/bin/../lib/gcc/arm-none-eabi/7.1.0/../../../../arm-none-eabi/lib/thumb\libsysbase.a(syscall_support.o)
 .data          0x00000000        0x0 e:/devkitpro/devkitarm/bin/../lib/gcc/arm-none-eabi/7.1.0/../../../../arm-none-eabi/lib/thumb\libsysbase.a(syscall_support.o)
 .bss           0x00000000        0x0 e:/devkitpro/devkitarm/bin/../lib/gcc/arm-none-eabi/7.1.0/../../../../arm-none-eabi/lib/thumb\libsysbase.a(syscall_support.o)
 .text.__libc_lock_init
                0x00000000       0x1c e:/devkitpro/devkitarm/bin/../lib/gcc/arm-none-eabi/7.1.0/../../../../arm-none-eabi/lib/thumb\libsysbase.a(syscall_support.o)
 .text.__libc_lock_acquire
                0x00000000       0x1c e:/devkitpro/devkitarm/bin/../lib/gcc/arm-none-eabi/7.1.0/../../../../arm-none-eabi/lib/thumb\libsysbase.a(syscall_support.o)
 .text.__libc_lock_try_acquire
                0x00000000       0x24 e:/devkitpro/devkitarm/bin/../lib/gcc/arm-none-eabi/7.1.0/../../../../arm-none-eabi/lib/thumb\libsysbase.a(syscall_support.o)
 .text.__libc_lock_release
                0x00000000       0x1c e:/devkitpro/devkitarm/bin/../lib/gcc/arm-none-eabi/7.1.0/../../../../arm-none-eabi/lib/thumb\libsysbase.a(syscall_support.o)
 .text.__libc_lock_close
                0x00000000       0x1c e:/devkitpro/devkitarm/bin/../lib/gcc/arm-none-eabi/7.1.0/../../../../arm-none-eabi/lib/thumb\libsysbase.a(syscall_support.o)
 .text.__libc_lock_init_recursive
                0x00000000       0x1c e:/devkitpro/devkitarm/bin/../lib/gcc/arm-none-eabi/7.1.0/../../../../arm-none-eabi/lib/thumb\libsysbase.a(syscall_support.o)
 .text.__libc_lock_acquire_recursive
                0x00000000       0x1c e:/devkitpro/devkitarm/bin/../lib/gcc/arm-none-eabi/7.1.0/../../../../arm-none-eabi/lib/thumb\libsysbase.a(syscall_support.o)
 .text.__libc_lock_try_acquire_recursive
                0x00000000       0x24 e:/devkitpro/devkitarm/bin/../lib/gcc/arm-none-eabi/7.1.0/../../../../arm-none-eabi/lib/thumb\libsysbase.a(syscall_support.o)
 .text.__libc_lock_release_recursive
                0x00000000       0x1c e:/devkitpro/devkitarm/bin/../lib/gcc/arm-none-eabi/7.1.0/../../../../arm-none-eabi/lib/thumb\libsysbase.a(syscall_support.o)
 .text.__libc_lock_close_recursive
                0x00000000       0x1c e:/devkitpro/devkitarm/bin/../lib/gcc/arm-none-eabi/7.1.0/../../../../arm-none-eabi/lib/thumb\libsysbase.a(syscall_support.o)
 .text          0x00000000        0x0 e:/devkitpro/devkitarm/bin/../lib/gcc/arm-none-eabi/7.1.0/thumb/crtend.o
 .data          0x00000000        0x0 e:/devkitpro/devkitarm/bin/../lib/gcc/arm-none-eabi/7.1.0/thumb/crtend.o
 .bss           0x00000000        0x0 e:/devkitpro/devkitarm/bin/../lib/gcc/arm-none-eabi/7.1.0/thumb/crtend.o
 .text          0x00000000        0x0 e:/devkitpro/devkitarm/bin/../lib/gcc/arm-none-eabi/7.1.0/thumb/crtn.o
 .data          0x00000000        0x0 e:/devkitpro/devkitarm/bin/../lib/gcc/arm-none-eabi/7.1.0/thumb/crtn.o
 .bss           0x00000000        0x0 e:/devkitpro/devkitarm/bin/../lib/gcc/arm-none-eabi/7.1.0/thumb/crtn.o

Memory Configuration

Name             Origin             Length             Attributes
ewram            0x02000000         0x00380000
dtcm             0x0b000000         0x00004000
vectors          0x01000000         0x00000100
itcm             0x01000100         0x00007f00
*default*        0x00000000         0xffffffff

Linker script and memory map

                0x02380000                __ewram_end = (ORIGIN (ewram) + LENGTH (ewram))
                0x02380000                __eheap_end = (ORIGIN (ewram) + LENGTH (ewram))
                0x0b004000                __dtcm_top = (ORIGIN (dtcm) + LENGTH (dtcm))
                0x0b003ff8                __irq_flags = (__dtcm_top - 0x8)
                0x0b003ffc                __irq_vector = (__dtcm_top - 0x4)
                0x0b003f00                __sp_svc = (__dtcm_top - 0x100)
                0x0b003e00                __sp_irq = (__sp_svc - 0x100)
                0x0b003d00                __sp_usr = (__sp_irq - 0x100)

.secure         0x02000000      0x800
 *(.secure)
 .secure        0x02000000      0x800 E:/devkitPro/libnds/lib\libnds9.a(securearea.o)
                0x02000000                __secure_area__

.crt0           0x02000800      0x300
                0x02000800                __text_start = .
 *(.crt0)
 .crt0          0x02000800      0x300 e:/devkitpro/devkitarm/bin/../lib/gcc/arm-none-eabi/7.1.0/../../../../arm-none-eabi/lib/thumb/ds_arm9_crt0.o
                0x02000800                _start
                0x02000b00                . = ALIGN (0x4)

.plt
 *(.plt)

.init           0x02000b00        0xc
 *(SORT(.init))
 .init          0x02000b00        0x4 e:/devkitpro/devkitarm/bin/../lib/gcc/arm-none-eabi/7.1.0/thumb/crti.o
                0x02000b00                _init
 .init          0x02000b04        0x8 e:/devkitpro/devkitarm/bin/../lib/gcc/arm-none-eabi/7.1.0/thumb/crtn.o

.text           0x02000b10     0x1a90
 *(EXCLUDE_FILE(*.twl* *.vectors* *.itcm*) .text)
 .text          0x02000b10       0x58 main.o
 *(EXCLUDE_FILE(*.twl* *.vectors* *.itcm*) .stub)
 *(EXCLUDE_FILE(*.twl* *.vectors* *.itcm*) .text.*)
 .text.deregister_tm_clones
                0x02000b68       0x2c e:/devkitpro/devkitarm/bin/../lib/gcc/arm-none-eabi/7.1.0/thumb/crtbegin.o
 .text.register_tm_clones
                0x02000b94       0x34 e:/devkitpro/devkitarm/bin/../lib/gcc/arm-none-eabi/7.1.0/thumb/crtbegin.o
 .text.__do_global_dtors_aux
                0x02000bc8       0x30 e:/devkitpro/devkitarm/bin/../lib/gcc/arm-none-eabi/7.1.0/thumb/crtbegin.o
 .text.frame_dummy
                0x02000bf8       0x28 e:/devkitpro/devkitarm/bin/../lib/gcc/arm-none-eabi/7.1.0/thumb/crtbegin.o
 .text.startup  0x02000c20       0xe8 main.o
                0x02000c20                main
 .text.scanKeys
                0x02000d08       0x8c E:/devkitPro/libnds/lib\libnds9.a(keys.o)
                0x02000d08                scanKeys
 .text.keysDown
                0x02000d94       0x14 E:/devkitPro/libnds/lib\libnds9.a(keys.o)
                0x02000d94                keysDown
 .text.checkIfText.part.0
                0x02000da8       0x3c E:/devkitPro/libnds/lib\libnds9.a(background.o)
 .text.bgUpdate
                0x02000de4       0xec E:/devkitPro/libnds/lib\libnds9.a(background.o)
                0x02000de4                bgUpdate
 .text.bgInit_call
                0x02000ed0       0xbc E:/devkitPro/libnds/lib\libnds9.a(background.o)
                0x02000ed0                bgInit_call
 .text.bgInitSub_call
                0x02000f8c       0xc4 E:/devkitPro/libnds/lib\libnds9.a(background.o)
                0x02000f8c                bgInitSub_call
 .text.initSystem
                0x02001050      0x194 E:/devkitPro/libnds/lib\libnds9.a(initSystem.o)
                0x02001050                initSystem
 .text.__timeoutvbl
                0x020011e4       0x10 E:/devkitPro/libnds/lib\libnds9.a(fifosystem.o)
 .text.fifo_allocBlock.part.0
                0x020011f4       0x34 E:/devkitPro/libnds/lib\libnds9.a(fifosystem.o)
 .text.fifo_waitBlock
                0x02001228       0x48 E:/devkitPro/libnds/lib\libnds9.a(fifosystem.o)
 .text.fifo_queueBlock
                0x02001270       0x44 E:/devkitPro/libnds/lib\libnds9.a(fifosystem.o)
 .text.fifoInternalSendInterrupt
                0x020012b4       0xac E:/devkitPro/libnds/lib\libnds9.a(fifosystem.o)
 .text.fifoInternalSend.part.3
                0x02001360       0xd4 E:/devkitPro/libnds/lib\libnds9.a(fifosystem.o)
 .text.fifoGetValue32.part.4
                0x02001434       0x74 E:/devkitPro/libnds/lib\libnds9.a(fifosystem.o)
 .text.fifoSetValue32Handler
                0x020014a8       0x74 E:/devkitPro/libnds/lib\libnds9.a(fifosystem.o)
                0x020014a8                fifoSetValue32Handler
 .text.fifoSendValue32
                0x0200151c       0x4c E:/devkitPro/libnds/lib\libnds9.a(fifosystem.o)
                0x0200151c                fifoSendValue32
 .text.fifoGetDatamsg
                0x02001568      0x140 E:/devkitPro/libnds/lib\libnds9.a(fifosystem.o)
                0x02001568                fifoGetDatamsg
 .text.fifoInternalRecvInterrupt
                0x020016a8      0x3a0 E:/devkitPro/libnds/lib\libnds9.a(fifosystem.o)
 .text.fifoSetDatamsgHandler
                0x02001a48       0x9c E:/devkitPro/libnds/lib\libnds9.a(fifosystem.o)
                0x02001a48                fifoSetDatamsgHandler
 .text.fifoInit
                0x02001ae4      0x1cc E:/devkitPro/libnds/lib\libnds9.a(fifosystem.o)
                0x02001ae4                fifoInit
 .text.systemErrorExit
                0x02001cb0        0x4 E:/devkitPro/libnds/lib\libnds9.a(libnds_exit.arm.o)
                0x02001cb0                systemErrorExit
 *fill*         0x02001cb4        0x4 ff
 .text.__libnds_exit
                0x02001cb8       0x5c E:/devkitPro/libnds/lib\libnds9.a(libnds_exit.arm.o)
                0x02001cb8                __libnds_exit
 .text.irqDummy
                0x02001d14        0x4 E:/devkitPro/libnds/lib\libnds9.a(interrupts.o)
                0x02001d14                irqDummy
 .text.irqSet   0x02001d18       0x6c E:/devkitPro/libnds/lib\libnds9.a(interrupts.o)
                0x02001d18                irqSet
 .text.irqInit  0x02001d84       0x50 E:/devkitPro/libnds/lib\libnds9.a(interrupts.o)
                0x02001d84                irqInit
 .text.irqEnable
                0x02001dd4       0x64 E:/devkitPro/libnds/lib\libnds9.a(interrupts.o)
                0x02001dd4                irqEnable
 .text.irqDisable
                0x02001e38       0x64 E:/devkitPro/libnds/lib\libnds9.a(interrupts.o)
                0x02001e38                irqDisable
 .text.setCpuClock
                0x02001e9c       0x50 E:/devkitPro/libnds/lib\libnds9.a(cpu_clock.o)
                0x02001e9c                setCpuClock
 .text.swiWaitForVBlank
                0x02001eec        0x8 E:/devkitPro/libnds/lib\libnds9.a(IntrWait.o)
                0x02001eec                swiWaitForVBlank
 .text.swiIntrWait
                0x02001ef4       0x64 E:/devkitPro/libnds/lib\libnds9.a(IntrWait.o)
                0x02001ef4                swiIntrWait
 .text.__libnds_mpu_setup
                0x02001f58      0x174 E:/devkitPro/libnds/lib\libnds9.a(mpu_setup.o)
                0x02001f58                __libnds_mpu_setup
 .text.memUncached
                0x020020cc       0x20 E:/devkitPro/libnds/lib\libnds9.a(mpu_setup.o)
                0x020020cc                memUncached
 .text.swiSoftReset
                0x020020ec       0x2c E:/devkitPro/libnds/lib\libnds9.a(swiSoftReset.o)
                0x020020ec                swiSoftReset
 .text.sinLerp  0x02002118       0xa0 E:/devkitPro/libnds/lib\libnds9.a(trig.o)
                0x02002118                sinLerp
 .text.cosLerp  0x020021b8       0x14 E:/devkitPro/libnds/lib\libnds9.a(trig.o)
                0x020021b8                cosLerp
 .text.systemValueHandler
                0x020021cc       0x48 E:/devkitPro/libnds/lib\libnds9.a(system.o)
                0x020021cc                systemValueHandler
 .text.systemMsgHandler
                0x02002214       0x5c E:/devkitPro/libnds/lib\libnds9.a(system.o)
                0x02002214                systemMsgHandler
 .text.powerOn  0x02002270       0x2c E:/devkitPro/libnds/lib\libnds9.a(system.o)
                0x02002270                powerOn
 .text.vramDefault
                0x0200229c       0xd0 E:/devkitPro/libnds/lib\libnds9.a(video.o)
                0x0200229c                vramDefault
 .text.__libnds_gtod
                0x0200236c       0x24 E:/devkitPro/libnds/lib\libnds9.a(timeSupport.o)
                0x0200236c                __libnds_gtod
 .text.swiDelay
                0x02002390        0x4 E:/devkitPro/libnds/lib\libnds9.a(biosCalls.o)
                0x02002390                swiDelay
 .text.__libc_init_array
                0x02002394       0x54 e:/devkitpro/devkitarm/bin/../lib/gcc/arm-none-eabi/7.1.0/../../../../arm-none-eabi/lib/thumb\libg.a(lib_a-init.o)
                0x02002394                __libc_init_array
 .text.memcpy   0x020023e8       0x8c e:/devkitpro/devkitarm/bin/../lib/gcc/arm-none-eabi/7.1.0/../../../../arm-none-eabi/lib/thumb\libg.a(lib_a-memcpy-stub.o)
                0x020023e8                memcpy
 .text.memset   0x02002474       0xa4 e:/devkitpro/devkitarm/bin/../lib/gcc/arm-none-eabi/7.1.0/../../../../arm-none-eabi/lib/thumb\libg.a(lib_a-memset.o)
                0x02002474                memset
 .text.build_argv
                0x02002518       0x4c e:/devkitpro/devkitarm/bin/../lib/gcc/arm-none-eabi/7.1.0/../../../../arm-none-eabi/lib/thumb\libsysbase.a(build_argv.o)
                0x02002518                build_argv
 *fill*         0x02002564        0x4 ff
 .text.build_argv.__stub
                0x02002568       0x34 linker stubs
 *(EXCLUDE_FILE(*.twl*) .gnu.warning)
 *(EXCLUDE_FILE(*.twl*) .gnu.linkonce.t*)
 *(.glue_7)
 .glue_7        0x020025a0        0x0 linker stubs
 *(.glue_7t)
 .glue_7t       0x020025a0        0x0 linker stubs
                0x020025a0                . = ALIGN (0x4)

.vfp11_veneer   0x020025a0        0x0
 .vfp11_veneer  0x020025a0        0x0 linker stubs

.v4_bx          0x020025a0        0x0
 .v4_bx         0x020025a0        0x0 linker stubs

.iplt           0x020025a0        0x0
 .iplt          0x020025a0        0x0 e:/devkitpro/devkitarm/bin/../lib/gcc/arm-none-eabi/7.1.0/../../../../arm-none-eabi/lib/thumb/ds_arm9_crt0.o

.fini           0x020025a0        0xc
 *(.fini)
 .fini          0x020025a0        0x4 e:/devkitpro/devkitarm/bin/../lib/gcc/arm-none-eabi/7.1.0/thumb/crti.o
                0x020025a0                _fini
 .fini          0x020025a4        0x8 e:/devkitpro/devkitarm/bin/../lib/gcc/arm-none-eabi/7.1.0/thumb/crtn.o
                0x020025ac                __text_end = .

.rodata         0x020025ac    0x10304
 *(EXCLUDE_FILE(*.twl*) .rodata)
 .rodata        0x020025ac    0x10200 logo.o
                0x020025ac                logoBitmap
                0x020125ac                logoPal
 *all.rodata*(*)
 *(EXCLUDE_FILE(*.twl*) .roda)
 *(EXCLUDE_FILE(*.twl*) .rodata.*)
 .rodata.SIN_LUT
                0x020127ac      0x102 E:/devkitPro/libnds/lib\libnds9.a(trig.o)
                0x020127ac                SIN_LUT
 *(EXCLUDE_FILE(*.twl*) .gnu.linkonce.r*)
                0x020128b0                . = ALIGN (0x4)
 *fill*         0x020128ae        0x2 ff

.ARM.extab
 *(.ARM.extab* .gnu.linkonce.armextab.*)
                0x020128b0                __exidx_start = .

ARM.exidx
 *(.ARM.exidx* .gnu.linkonce.armexidx.*)
                0x020128b0                __exidx_end = .
                0x020128b0                . = ALIGN (0x4)
                0x020128b0                PROVIDE (__preinit_array_start, .)

.preinit_array
 *(.preinit_array)
                0x020128b0                PROVIDE (__preinit_array_end, .)
                0x020128b0                PROVIDE (__init_array_start, .)

.init_array     0x020128b0        0x4
 *(SORT(.init_array.*))
 *(.init_array)
 .init_array    0x020128b0        0x4 e:/devkitpro/devkitarm/bin/../lib/gcc/arm-none-eabi/7.1.0/thumb/crtbegin.o
                0x020128b4                PROVIDE (__init_array_end, .)
                [!provide]                PROVIDE (__fini_array_start, .)

.fini_array     0x020128b4        0x4
 *(.fini_array)
 .fini_array    0x020128b4        0x4 e:/devkitpro/devkitarm/bin/../lib/gcc/arm-none-eabi/7.1.0/thumb/crtbegin.o
 *(SORT(.fini_array.*))
                [!provide]                PROVIDE (__fini_array_end, .)

.ctors          0x020128b8        0x0
 *crtbegin.o(.ctors)
 *(EXCLUDE_FILE(*crtend.o) .ctors)
 *(SORT(.ctors.*))
 *(.ctors)
                0x020128b8                . = ALIGN (0x4)

.dtors          0x020128b8        0x0
 *crtbegin.o(.dtors)
 *(EXCLUDE_FILE(*crtend.o) .dtors)
 *(SORT(.dtors.*))
 *(.dtors)
                0x020128b8                . = ALIGN (0x4)

.eh_frame       0x020128b8        0x4
 *(.eh_frame)
 .eh_frame      0x020128b8        0x0 e:/devkitpro/devkitarm/bin/../lib/gcc/arm-none-eabi/7.1.0/thumb/crtbegin.o
 .eh_frame      0x020128b8        0x4 e:/devkitpro/devkitarm/bin/../lib/gcc/arm-none-eabi/7.1.0/thumb/crtend.o
                0x020128bc                . = ALIGN (0x4)

.rel.dyn        0x020128bc        0x0
 .rel.iplt      0x020128bc        0x0 e:/devkitpro/devkitarm/bin/../lib/gcc/arm-none-eabi/7.1.0/../../../../arm-none-eabi/lib/thumb/ds_arm9_crt0.o

.gcc_except_table
                0x020128bc        0x0
 *(.gcc_except_table)
                0x020128bc                . = ALIGN (0x4)

.jcr
 *(.jcr)

.got
 *(.got.plt)
 *(.got)
 *(.rel.got)

.ewram          0x020128bc        0x0
                0x020128bc                __ewram_start = ABSOLUTE (.)
 *(.ewram)
 *ewram.*(.text)
                0x020128bc                . = ALIGN (0x4)

.data           0x020128bc       0x9c
                0x020128bc                __data_start = ABSOLUTE (.)
 *(EXCLUDE_FILE(*.twl*) .data)
 .data          0x020128bc       0x28 E:/devkitPro/libnds/lib\libnds9.a(mpu_setup.o)
 *(EXCLUDE_FILE(*.twl*) .data.*)
 .data.count    0x020128e4        0x1 E:/devkitPro/libnds/lib\libnds9.a(keys.o)
 .data.delay    0x020128e5        0x1 E:/devkitPro/libnds/lib\libnds9.a(keys.o)
 .data.repeat   0x020128e6        0x1 E:/devkitPro/libnds/lib\libnds9.a(keys.o)
 *fill*         0x020128e7        0x1 ff
 .data.bgControl
                0x020128e8       0x20 E:/devkitPro/libnds/lib\libnds9.a(background.o)
                0x020128e8                bgControl
 .data.bgScrollTable
                0x02012908       0x20 E:/devkitPro/libnds/lib\libnds9.a(background.o)
                0x02012908                bgScrollTable
 .data.bgTransform
                0x02012928       0x20 E:/devkitPro/libnds/lib\libnds9.a(background.o)
                0x02012928                bgTransform
 .data.fifo_buffer_free
                0x02012948        0x4 E:/devkitPro/libnds/lib\libnds9.a(fifosystem.o)
                0x02012948                fifo_buffer_free
 .data.fifo_freewords
                0x0201294c        0x4 E:/devkitPro/libnds/lib\libnds9.a(fifosystem.o)
                0x0201294c                fifo_freewords
 .data.fifo_receive_queue
                0x02012950        0x4 E:/devkitPro/libnds/lib\libnds9.a(fifosystem.o)
                0x02012950                fifo_receive_queue
 .data.fifo_send_queue
                0x02012954        0x4 E:/devkitPro/libnds/lib\libnds9.a(fifosystem.o)
                0x02012954                fifo_send_queue
 *(EXCLUDE_FILE(*.twl*) .gnu.linkonce.d*)
                0x02012958                . = ALIGN (0x4)
                0x02012958                __data_end = ABSOLUTE (.)
                0x02012958                __bss_vma = .

.igot.plt       0x02012958        0x0
 .igot.plt      0x02012958        0x0 e:/devkitpro/devkitarm/bin/../lib/gcc/arm-none-eabi/7.1.0/../../../../arm-none-eabi/lib/thumb/ds_arm9_crt0.o

.tm_clone_table
                0x02012958        0x0
 .tm_clone_table
                0x02012958        0x0 e:/devkitpro/devkitarm/bin/../lib/gcc/arm-none-eabi/7.1.0/thumb/crtbegin.o
 .tm_clone_table
                0x02012958        0x0 e:/devkitpro/devkitarm/bin/../lib/gcc/arm-none-eabi/7.1.0/thumb/crtend.o

.dtcm           0x0b000000        0x0 load address 0x02012958
                0x02012958                __dtcm_lma = LOADADDR (.dtcm)
                0x0b000000                __dtcm_start = ABSOLUTE (.)
 *(.dtcm)
 *(.dtcm.*)
                0x0b000000                . = ALIGN (0x4)
                0x0b000000                __dtcm_end = ABSOLUTE (.)

.itcm           0x01000100      0x194 load address 0x02012958
                0x02012958                __itcm_lma = LOADADDR (.itcm)
                0x01000100                __itcm_start = ABSOLUTE (.)
 *(.itcm)
 .itcm          0x01000100       0xc8 E:/devkitPro/libnds/lib\libnds9.a(interrupts.o)
                0x01000100                irqTable
 .itcm          0x010001c8       0xcc E:/devkitPro/libnds/lib\libnds9.a(interruptDispatcher.o)
                0x010001c8                IntrMain
 *.itcm*(.text .stub .text.*)
                0x01000294                . = ALIGN (0x4)
                0x01000294                __itcm_end = ABSOLUTE (.)

.vectors        0x01000000        0x0 load address 0x02012aec
                0x02012aec                __vectors_lma = LOADADDR (.vectors)
                0x01000000                __vectors_start = ABSOLUTE (.)
 *(.vectors)
 *.vectors*(.text .stub .text.*)
                0x01000000                . = ALIGN (0x4)
                0x01000000                __vectors_end = ABSOLUTE (.)

.sbss           0x0b000000        0x0
                0x0b000000                __sbss_start = ABSOLUTE (.)
                0x0b000000                __sbss_start__ = ABSOLUTE (.)
 *(.sbss)
                0x0b000000                . = ALIGN (0x4)
                0x0b000000                __sbss_end = ABSOLUTE (.)

.bss            0x02012958      0xc00
                0x02012958                __bss_start = ABSOLUTE (.)
                0x02012958                __bss_start__ = ABSOLUTE (.)
 *(EXCLUDE_FILE(*.twl*) .dynbss)
 *(EXCLUDE_FILE(*.twl*) .gnu.linkonce.b*)
 *(EXCLUDE_FILE(*.twl*) .bss*)
 .bss.completed.6484
                0x02012958        0x1 e:/devkitpro/devkitarm/bin/../lib/gcc/arm-none-eabi/7.1.0/thumb/crtbegin.o
 *fill*         0x02012959        0x3 
 .bss.object.6489
                0x0201295c       0x18 e:/devkitpro/devkitarm/bin/../lib/gcc/arm-none-eabi/7.1.0/thumb/crtbegin.o
 .bss.keys      0x02012974        0x2 E:/devkitPro/libnds/lib\libnds9.a(keys.o)
 .bss.keysold   0x02012976        0x2 E:/devkitPro/libnds/lib\libnds9.a(keys.o)
 .bss.keysrepeat
                0x02012978        0x2 E:/devkitPro/libnds/lib\libnds9.a(keys.o)
 *fill*         0x0201297a        0x2 
 .bss.__timeout
                0x0201297c        0x4 E:/devkitPro/libnds/lib\libnds9.a(fifosystem.o)
 .bss.processing
                0x02012980        0x4 E:/devkitPro/libnds/lib\libnds9.a(fifosystem.o)
                0x02012980                processing
 .bss.SDcallback
                0x02012984        0x4 E:/devkitPro/libnds/lib\libnds9.a(system.o)
 .bss.fake_heap_end
                0x02012988        0x4 e:/devkitpro/devkitarm/bin/../lib/gcc/arm-none-eabi/7.1.0/../../../../arm-none-eabi/lib/thumb\libsysbase.a(malloc_vars.o)
                0x02012988                fake_heap_end
 .bss.fake_heap_start
                0x0201298c        0x4 e:/devkitpro/devkitarm/bin/../lib/gcc/arm-none-eabi/7.1.0/../../../../arm-none-eabi/lib/thumb\libsysbase.a(malloc_vars.o)
                0x0201298c                fake_heap_start
 .bss.__syscalls
                0x02012990       0x38 e:/devkitpro/devkitarm/bin/../lib/gcc/arm-none-eabi/7.1.0/../../../../arm-none-eabi/lib/thumb\libsysbase.a(syscall_support.o)
                0x02012990                __syscalls
 *(EXCLUDE_FILE(*.twl*) COMMON)
 COMMON         0x020129c8      0x148 E:/devkitPro/libnds/lib\libnds9.a(background.o)
                0x020129c8                bgState
                0x02012b08                bgIsTextLut
 COMMON         0x02012b10        0x1 E:/devkitPro/libnds/lib\libnds9.a(initSystem.o)
                0x02012b10                __dsimode
 *fill*         0x02012b11        0x3 
 COMMON         0x02012b14      0xa40 E:/devkitPro/libnds/lib\libnds9.a(fifosystem.o)
                0x02012b14                fifo_datamsg_data
                0x02012b54                fifo_buffer
                0x02013354                fifo_value32_func
                0x02013394                fifo_address_func
                0x020133d4                fifo_value32_data
                0x02013414                fifo_value32_queue
                0x02013454                fifo_data_queue
                0x02013494                fifo_address_data
                0x020134d4                fifo_datamsg_func
                0x02013514                fifo_address_queue
 COMMON         0x02013554        0x4 E:/devkitPro/libnds/lib\libnds9.a(timeSupport.o)
                0x02013554                punixTime
                0x02013558                . = ALIGN (0x4)
                0x02013558                __bss_end__ = ABSOLUTE (.)
                0x02013558                __end__ = ABSOLUTE (.)

.twl            0x02013558        0x0 load address 0x02400000
                0x02400000                __arm9i_lma__ = LOADADDR (.twl)
                0x02013558                __arm9i_start__ = ABSOLUTE (.)
 *(.twl)
 *.twl*(.text .stub .text.* .gnu.linkonce.t.*)
 *.twl*(.rodata)
 *.twl*(.roda)
 *.twl*(.rodata.*)
 *.twl*(.data)
 *.twl*(.data.*)
 *.twl*(.gnu.linkonce.d*)
                0x02013558                __arm9i_end__ = ABSOLUTE (.)

.twl_bss        0x02013558        0x0
                0x02013558                __twl_bss_start__ = ABSOLUTE (.)
 *(.twl_bss)
 *.twl*(.dynbss)
 *.twl*(.gnu.linkonce.b*)
 *.twl*(.bss*)
 *.twl*(COMMON)
                0x02013558                . = ALIGN (0x4)
                0x02013558                __twl_bss_end__ = ABSOLUTE (.)
                0x02013558                __twl_end__ = ABSOLUTE (.)

.stab
 *(.stab)

.stabstr
 *(.stabstr)

.stab.excl
 *(.stab.excl)

.stab.exclstr
 *(.stab.exclstr)

.stab.index
 *(.stab.index)

.stab.indexstr
 *(.stab.indexstr)

.comment        0x00000000       0x44
 *(.comment)
 .comment       0x00000000       0x22 e:/devkitpro/devkitarm/bin/../lib/gcc/arm-none-eabi/7.1.0/thumb/crtbegin.o
                                 0x23 (size before relaxing)
 .comment       0x00000022       0x23 main.o
 .comment       0x00000022       0x22 E:/devkitPro/libnds/lib\libnds9.a(keys.o)
                                 0x23 (size before relaxing)
 .comment       0x00000044       0x23 E:/devkitPro/libnds/lib\libnds9.a(background.o)
 .comment       0x00000044       0x23 E:/devkitPro/libnds/lib\libnds9.a(securearea.o)
 .comment       0x00000044       0x23 E:/devkitPro/libnds/lib\libnds9.a(initSystem.o)
 .comment       0x00000044       0x23 E:/devkitPro/libnds/lib\libnds9.a(fifosystem.o)
 .comment       0x00000044       0x23 E:/devkitPro/libnds/lib\libnds9.a(libnds_exit.arm.o)
 .comment       0x00000044       0x23 E:/devkitPro/libnds/lib\libnds9.a(interrupts.o)
 .comment       0x00000044       0x23 E:/devkitPro/libnds/lib\libnds9.a(trig.o)
 .comment       0x00000044       0x23 E:/devkitPro/libnds/lib\libnds9.a(system.o)
 .comment       0x00000044       0x23 E:/devkitPro/libnds/lib\libnds9.a(video.o)
 .comment       0x00000044       0x23 E:/devkitPro/libnds/lib\libnds9.a(timeSupport.o)
 .comment       0x00000044       0x23 e:/devkitpro/devkitarm/bin/../lib/gcc/arm-none-eabi/7.1.0/../../../../arm-none-eabi/lib/thumb\libg.a(lib_a-init.o)
 .comment       0x00000044       0x23 e:/devkitpro/devkitarm/bin/../lib/gcc/arm-none-eabi/7.1.0/../../../../arm-none-eabi/lib/thumb\libg.a(lib_a-memcpy-stub.o)
 .comment       0x00000044       0x23 e:/devkitpro/devkitarm/bin/../lib/gcc/arm-none-eabi/7.1.0/../../../../arm-none-eabi/lib/thumb\libg.a(lib_a-memset.o)
 .comment       0x00000044       0x23 e:/devkitpro/devkitarm/bin/../lib/gcc/arm-none-eabi/7.1.0/../../../../arm-none-eabi/lib/thumb\libsysbase.a(malloc_vars.o)
 .comment       0x00000044       0x23 e:/devkitpro/devkitarm/bin/../lib/gcc/arm-none-eabi/7.1.0/../../../../arm-none-eabi/lib/thumb\libsysbase.a(build_argv.o)
 .comment       0x00000044       0x23 e:/devkitpro/devkitarm/bin/../lib/gcc/arm-none-eabi/7.1.0/../../../../arm-none-eabi/lib/thumb\libsysbase.a(syscall_support.o)
 .comment       0x00000044       0x23 e:/devkitpro/devkitarm/bin/../lib/gcc/arm-none-eabi/7.1.0/thumb/crtend.o

.ARM.attributes
                0x00000000       0x2d
 .ARM.attributes
                0x00000000       0x21 e:/devkitpro/devkitarm/bin/../lib/gcc/arm-none-eabi/7.1.0/../../../../arm-none-eabi/lib/thumb/ds_arm9_crt0.o
 .ARM.attributes
                0x00000021       0x16 e:/devkitpro/devkitarm/bin/../lib/gcc/arm-none-eabi/7.1.0/thumb/crti.o
 .ARM.attributes
                0x00000037       0x30 e:/devkitpro/devkitarm/bin/../lib/gcc/arm-none-eabi/7.1.0/thumb/crtbegin.o
 .ARM.attributes
                0x00000067       0x14 logo.o
 .ARM.attributes
                0x0000007b       0x27 main.o
 .ARM.attributes
                0x000000a2       0x2b E:/devkitPro/libnds/lib\libnds9.a(keys.o)
 .ARM.attributes
                0x000000cd       0x2b E:/devkitPro/libnds/lib\libnds9.a(background.o)
 .ARM.attributes
                0x000000f8       0x2b E:/devkitPro/libnds/lib\libnds9.a(securearea.o)
 .ARM.attributes
                0x00000123       0x2b E:/devkitPro/libnds/lib\libnds9.a(initSystem.o)
 .ARM.attributes
                0x0000014e       0x2b E:/devkitPro/libnds/lib\libnds9.a(fifosystem.o)
 .ARM.attributes
                0x00000179       0x2b E:/devkitPro/libnds/lib\libnds9.a(libnds_exit.arm.o)
 .ARM.attributes
                0x000001a4       0x2b E:/devkitPro/libnds/lib\libnds9.a(interrupts.o)
 .ARM.attributes
                0x000001cf       0x21 E:/devkitPro/libnds/lib\libnds9.a(cpu_clock.o)
 .ARM.attributes
                0x000001f0       0x21 E:/devkitPro/libnds/lib\libnds9.a(IntrWait.o)
 .ARM.attributes
                0x00000211       0x21 E:/devkitPro/libnds/lib\libnds9.a(mpu_setup.o)
 .ARM.attributes
                0x00000232       0x21 E:/devkitPro/libnds/lib\libnds9.a(swiSoftReset.o)
 .ARM.attributes
                0x00000253       0x1b E:/devkitPro/libnds/lib\libnds9.a(interruptDispatcher.o)
 .ARM.attributes
                0x0000026e       0x2b E:/devkitPro/libnds/lib\libnds9.a(trig.o)
 .ARM.attributes
                0x00000299       0x2b E:/devkitPro/libnds/lib\libnds9.a(system.o)
 .ARM.attributes
                0x000002c4       0x2b E:/devkitPro/libnds/lib\libnds9.a(video.o)
 .ARM.attributes
                0x000002ef       0x2b E:/devkitPro/libnds/lib\libnds9.a(timeSupport.o)
 .ARM.attributes
                0x0000031a       0x1b E:/devkitPro/libnds/lib\libnds9.a(biosCalls.o)
 .ARM.attributes
                0x00000335       0x30 e:/devkitpro/devkitarm/bin/../lib/gcc/arm-none-eabi/7.1.0/../../../../arm-none-eabi/lib/thumb\libg.a(lib_a-init.o)
 .ARM.attributes
                0x00000365       0x30 e:/devkitpro/devkitarm/bin/../lib/gcc/arm-none-eabi/7.1.0/../../../../arm-none-eabi/lib/thumb\libg.a(lib_a-memcpy-stub.o)
 .ARM.attributes
                0x00000395       0x30 e:/devkitpro/devkitarm/bin/../lib/gcc/arm-none-eabi/7.1.0/../../../../arm-none-eabi/lib/thumb\libg.a(lib_a-memset.o)
 .ARM.attributes
                0x000003c5       0x30 e:/devkitpro/devkitarm/bin/../lib/gcc/arm-none-eabi/7.1.0/../../../../arm-none-eabi/lib/thumb\libsysbase.a(malloc_vars.o)
 .ARM.attributes
                0x000003f5       0x30 e:/devkitpro/devkitarm/bin/../lib/gcc/arm-none-eabi/7.1.0/../../../../arm-none-eabi/lib/thumb\libsysbase.a(build_argv.o)
 .ARM.attributes
                0x00000425       0x30 e:/devkitpro/devkitarm/bin/../lib/gcc/arm-none-eabi/7.1.0/../../../../arm-none-eabi/lib/thumb\libsysbase.a(syscall_support.o)
 .ARM.attributes
                0x00000455       0x30 e:/devkitpro/devkitarm/bin/../lib/gcc/arm-none-eabi/7.1.0/thumb/crtend.o
 .ARM.attributes
                0x00000485       0x16 e:/devkitpro/devkitarm/bin/../lib/gcc/arm-none-eabi/7.1.0/thumb/crtn.o

.debug
 *(.debug)

.line
 *(.line)

.debug_srcinfo
 *(.debug_srcinfo)

.debug_sfnames
 *(.debug_sfnames)

.debug_aranges  0x00000000      0x4e8
 *(.debug_aranges)
 .debug_aranges
                0x00000000       0x28 main.o
 .debug_aranges
                0x00000028       0x50 E:/devkitPro/libnds/lib\libnds9.a(keys.o)
 .debug_aranges
                0x00000078       0x48 E:/devkitPro/libnds/lib\libnds9.a(background.o)
 .debug_aranges
                0x000000c0       0x18 E:/devkitPro/libnds/lib\libnds9.a(securearea.o)
 .debug_aranges
                0x000000d8       0x20 E:/devkitPro/libnds/lib\libnds9.a(initSystem.o)
 .debug_aranges
                0x000000f8       0xc8 E:/devkitPro/libnds/lib\libnds9.a(fifosystem.o)
 .debug_aranges
                0x000001c0       0x28 E:/devkitPro/libnds/lib\libnds9.a(libnds_exit.arm.o)
 .debug_aranges
                0x000001e8       0x50 E:/devkitPro/libnds/lib\libnds9.a(interrupts.o)
 .debug_aranges
                0x00000238       0x20 E:/devkitPro/libnds/lib\libnds9.a(cpu_clock.o)
 .debug_aranges
                0x00000258       0x28 E:/devkitPro/libnds/lib\libnds9.a(IntrWait.o)
 .debug_aranges
                0x00000280       0x30 E:/devkitPro/libnds/lib\libnds9.a(mpu_setup.o)
 .debug_aranges
                0x000002b0       0x20 E:/devkitPro/libnds/lib\libnds9.a(swiSoftReset.o)
 .debug_aranges
                0x000002d0       0x20 E:/devkitPro/libnds/lib\libnds9.a(interruptDispatcher.o)
 .debug_aranges
                0x000002f0       0x60 E:/devkitPro/libnds/lib\libnds9.a(trig.o)
 .debug_aranges
                0x00000350       0x68 E:/devkitPro/libnds/lib\libnds9.a(system.o)
 .debug_aranges
                0x000003b8       0x48 E:/devkitPro/libnds/lib\libnds9.a(video.o)
 .debug_aranges
                0x00000400       0x20 E:/devkitPro/libnds/lib\libnds9.a(timeSupport.o)
 .debug_aranges
                0x00000420       0xc8 E:/devkitPro/libnds/lib\libnds9.a(biosCalls.o)

.debug_pubnames
 *(.debug_pubnames)

.debug_info     0x00000000     0xc389
 *(.debug_info)
 .debug_info    0x00000000     0x2220 main.o
 .debug_info    0x00002220      0xd35 E:/devkitPro/libnds/lib\libnds9.a(keys.o)
 .debug_info    0x00002f55     0x1269 E:/devkitPro/libnds/lib\libnds9.a(background.o)
 .debug_info    0x000041be       0x58 E:/devkitPro/libnds/lib\libnds9.a(securearea.o)
 .debug_info    0x00004216     0x1c23 E:/devkitPro/libnds/lib\libnds9.a(initSystem.o)
 .debug_info    0x00005e39     0x1f7b E:/devkitPro/libnds/lib\libnds9.a(fifosystem.o)
 .debug_info    0x00007db4      0xc50 E:/devkitPro/libnds/lib\libnds9.a(libnds_exit.arm.o)
 .debug_info    0x00008a04      0x66d E:/devkitPro/libnds/lib\libnds9.a(interrupts.o)
 .debug_info    0x00009071       0x26 E:/devkitPro/libnds/lib\libnds9.a(cpu_clock.o)
 .debug_info    0x00009097       0x22 E:/devkitPro/libnds/lib\libnds9.a(IntrWait.o)
 .debug_info    0x000090b9       0x22 E:/devkitPro/libnds/lib\libnds9.a(mpu_setup.o)
 .debug_info    0x000090db       0x26 E:/devkitPro/libnds/lib\libnds9.a(swiSoftReset.o)
 .debug_info    0x00009101       0x26 E:/devkitPro/libnds/lib\libnds9.a(interruptDispatcher.o)
 .debug_info    0x00009127      0xdeb E:/devkitPro/libnds/lib\libnds9.a(trig.o)
 .debug_info    0x00009f12     0x1326 E:/devkitPro/libnds/lib\libnds9.a(system.o)
 .debug_info    0x0000b238      0x724 E:/devkitPro/libnds/lib\libnds9.a(video.o)
 .debug_info    0x0000b95c      0xa0b E:/devkitPro/libnds/lib\libnds9.a(timeSupport.o)
 .debug_info    0x0000c367       0x22 E:/devkitPro/libnds/lib\libnds9.a(biosCalls.o)

.debug_abbrev   0x00000000     0x23b9
 *(.debug_abbrev)
 .debug_abbrev  0x00000000      0x496 main.o
 .debug_abbrev  0x00000496      0x286 E:/devkitPro/libnds/lib\libnds9.a(keys.o)
 .debug_abbrev  0x0000071c      0x3ad E:/devkitPro/libnds/lib\libnds9.a(background.o)
 .debug_abbrev  0x00000ac9       0x45 E:/devkitPro/libnds/lib\libnds9.a(securearea.o)
 .debug_abbrev  0x00000b0e      0x35a E:/devkitPro/libnds/lib\libnds9.a(initSystem.o)
 .debug_abbrev  0x00000e68      0x542 E:/devkitPro/libnds/lib\libnds9.a(fifosystem.o)
 .debug_abbrev  0x000013aa      0x289 E:/devkitPro/libnds/lib\libnds9.a(libnds_exit.arm.o)
 .debug_abbrev  0x00001633      0x28e E:/devkitPro/libnds/lib\libnds9.a(interrupts.o)
 .debug_abbrev  0x000018c1       0x14 E:/devkitPro/libnds/lib\libnds9.a(cpu_clock.o)
 .debug_abbrev  0x000018d5       0x12 E:/devkitPro/libnds/lib\libnds9.a(IntrWait.o)
 .debug_abbrev  0x000018e7       0x12 E:/devkitPro/libnds/lib\libnds9.a(mpu_setup.o)
 .debug_abbrev  0x000018f9       0x14 E:/devkitPro/libnds/lib\libnds9.a(swiSoftReset.o)
 .debug_abbrev  0x0000190d       0x14 E:/devkitPro/libnds/lib\libnds9.a(interruptDispatcher.o)
 .debug_abbrev  0x00001921      0x323 E:/devkitPro/libnds/lib\libnds9.a(trig.o)
 .debug_abbrev  0x00001c44      0x373 E:/devkitPro/libnds/lib\libnds9.a(system.o)
 .debug_abbrev  0x00001fb7      0x216 E:/devkitPro/libnds/lib\libnds9.a(video.o)
 .debug_abbrev  0x000021cd      0x1da E:/devkitPro/libnds/lib\libnds9.a(timeSupport.o)
 .debug_abbrev  0x000023a7       0x12 E:/devkitPro/libnds/lib\libnds9.a(biosCalls.o)

.debug_line     0x00000000     0x2f0a
 *(.debug_line)
 .debug_line    0x00000000      0x420 main.o
 .debug_line    0x00000420      0x328 E:/devkitPro/libnds/lib\libnds9.a(keys.o)
 .debug_line    0x00000748      0x3d9 E:/devkitPro/libnds/lib\libnds9.a(background.o)
 .debug_line    0x00000b21       0x7f E:/devkitPro/libnds/lib\libnds9.a(securearea.o)
 .debug_line    0x00000ba0      0x3a1 E:/devkitPro/libnds/lib\libnds9.a(initSystem.o)
 .debug_line    0x00000f41      0x8a0 E:/devkitPro/libnds/lib\libnds9.a(fifosystem.o)
 .debug_line    0x000017e1      0x2a6 E:/devkitPro/libnds/lib\libnds9.a(libnds_exit.arm.o)
 .debug_line    0x00001a87      0x2e6 E:/devkitPro/libnds/lib\libnds9.a(interrupts.o)
 .debug_line    0x00001d6d       0xa0 E:/devkitPro/libnds/lib\libnds9.a(cpu_clock.o)
 .debug_line    0x00001e0d       0xb4 E:/devkitPro/libnds/lib\libnds9.a(IntrWait.o)
 .debug_line    0x00001ec1      0x12c E:/devkitPro/libnds/lib\libnds9.a(mpu_setup.o)
 .debug_line    0x00001fed       0x99 E:/devkitPro/libnds/lib\libnds9.a(swiSoftReset.o)
 .debug_line    0x00002086       0xc9 E:/devkitPro/libnds/lib\libnds9.a(interruptDispatcher.o)
 .debug_line    0x0000214f      0x3a3 E:/devkitPro/libnds/lib\libnds9.a(trig.o)
 .debug_line    0x000024f2      0x3c6 E:/devkitPro/libnds/lib\libnds9.a(system.o)
 .debug_line    0x000028b8      0x285 E:/devkitPro/libnds/lib\libnds9.a(video.o)
 .debug_line    0x00002b3d      0x1de E:/devkitPro/libnds/lib\libnds9.a(timeSupport.o)
 .debug_line    0x00002d1b      0x1ef E:/devkitPro/libnds/lib\libnds9.a(biosCalls.o)

.debug_frame    0x00000000      0x7f4
 *(.debug_frame)
 .debug_frame   0x00000000       0x40 main.o
 .debug_frame   0x00000040       0x8c E:/devkitPro/libnds/lib\libnds9.a(keys.o)
 .debug_frame   0x000000cc       0xc0 E:/devkitPro/libnds/lib\libnds9.a(background.o)
 .debug_frame   0x0000018c       0x28 E:/devkitPro/libnds/lib\libnds9.a(initSystem.o)
 .debug_frame   0x000001b4      0x2c0 E:/devkitPro/libnds/lib\libnds9.a(fifosystem.o)
 .debug_frame   0x00000474       0x3c E:/devkitPro/libnds/lib\libnds9.a(libnds_exit.arm.o)
 .debug_frame   0x000004b0       0xa4 E:/devkitPro/libnds/lib\libnds9.a(interrupts.o)
 .debug_frame   0x00000554       0xd0 E:/devkitPro/libnds/lib\libnds9.a(trig.o)
 .debug_frame   0x00000624       0xf8 E:/devkitPro/libnds/lib\libnds9.a(system.o)
 .debug_frame   0x0000071c       0xb8 E:/devkitPro/libnds/lib\libnds9.a(video.o)
 .debug_frame   0x000007d4       0x20 E:/devkitPro/libnds/lib\libnds9.a(timeSupport.o)

.debug_str      0x00000000     0x3725
 *(.debug_str)
 .debug_str     0x00000000     0x1427 main.o
                               0x15c8 (size before relaxing)
 .debug_str     0x00001427      0x255 E:/devkitPro/libnds/lib\libnds9.a(keys.o)
                                0x894 (size before relaxing)
 .debug_str     0x0000167c      0x2c8 E:/devkitPro/libnds/lib\libnds9.a(background.o)
                                0xbb4 (size before relaxing)
 .debug_str     0x00001944       0x6f E:/devkitPro/libnds/lib\libnds9.a(securearea.o)
                                0x14d (size before relaxing)
 .debug_str     0x000019b3      0x663 E:/devkitPro/libnds/lib\libnds9.a(initSystem.o)
                               0x1222 (size before relaxing)
 .debug_str     0x00002016      0x5c2 E:/devkitPro/libnds/lib\libnds9.a(fifosystem.o)
                                0xdad (size before relaxing)
 .debug_str     0x000025d8      0x1d2 E:/devkitPro/libnds/lib\libnds9.a(libnds_exit.arm.o)
                                0x865 (size before relaxing)
 .debug_str     0x000027aa       0xa3 E:/devkitPro/libnds/lib\libnds9.a(interrupts.o)
                                0x4d7 (size before relaxing)
 .debug_str     0x0000284d       0x6a E:/devkitPro/libnds/lib\libnds9.a(cpu_clock.o)
                                 0xae (size before relaxing)
 .debug_str     0x000028b7       0x5d E:/devkitPro/libnds/lib\libnds9.a(IntrWait.o)
                                 0xad (size before relaxing)
 .debug_str     0x00002914       0x5e E:/devkitPro/libnds/lib\libnds9.a(mpu_setup.o)
                                 0xae (size before relaxing)
 .debug_str     0x00002972       0x5c E:/devkitPro/libnds/lib\libnds9.a(swiSoftReset.o)
                                 0xac (size before relaxing)
 .debug_str     0x000029ce       0x63 E:/devkitPro/libnds/lib\libnds9.a(interruptDispatcher.o)
                                 0xb3 (size before relaxing)
 .debug_str     0x00002a31       0xea E:/devkitPro/libnds/lib\libnds9.a(trig.o)
                                0x701 (size before relaxing)
 .debug_str     0x00002b1b      0x381 E:/devkitPro/libnds/lib\libnds9.a(system.o)
                                0xc2b (size before relaxing)
 .debug_str     0x00002e9c      0x7c2 E:/devkitPro/libnds/lib\libnds9.a(video.o)
                                0xc4f (size before relaxing)
 .debug_str     0x0000365e       0x6e E:/devkitPro/libnds/lib\libnds9.a(timeSupport.o)
                                0x693 (size before relaxing)
 .debug_str     0x000036cc       0x59 E:/devkitPro/libnds/lib\libnds9.a(biosCalls.o)
                                 0xa9 (size before relaxing)

.debug_loc      0x00000000     0x275f
 *(.debug_loc)
 .debug_loc     0x00000000      0x20b main.o
 .debug_loc     0x0000020b      0x396 E:/devkitPro/libnds/lib\libnds9.a(background.o)
 .debug_loc     0x000005a1       0xd8 E:/devkitPro/libnds/lib\libnds9.a(initSystem.o)
 .debug_loc     0x00000679     0x1279 E:/devkitPro/libnds/lib\libnds9.a(fifosystem.o)
 .debug_loc     0x000018f2       0x58 E:/devkitPro/libnds/lib\libnds9.a(libnds_exit.arm.o)
 .debug_loc     0x0000194a      0x179 E:/devkitPro/libnds/lib\libnds9.a(interrupts.o)
 .debug_loc     0x00001ac3      0x7fc E:/devkitPro/libnds/lib\libnds9.a(trig.o)
 .debug_loc     0x000022bf      0x1f9 E:/devkitPro/libnds/lib\libnds9.a(system.o)
 .debug_loc     0x000024b8      0x286 E:/devkitPro/libnds/lib\libnds9.a(video.o)
 .debug_loc     0x0000273e       0x21 E:/devkitPro/libnds/lib\libnds9.a(timeSupport.o)

.debug_macinfo
 *(.debug_macinfo)

.debug_weaknames
 *(.debug_weaknames)

.debug_funcnames
 *(.debug_funcnames)

.debug_typenames
 *(.debug_typenames)

.debug_varnames
 *(.debug_varnames)

.stack          0x00080000        0x0
                0x00080000                _stack = .
 *(.stack)
LOAD e:/devkitpro/devkitarm/bin/../lib/gcc/arm-none-eabi/7.1.0/../../../../arm-none-eabi/lib/thumb/ds_arm9_crt0.o
LOAD e:/devkitpro/devkitarm/bin/../lib/gcc/arm-none-eabi/7.1.0/thumb/crti.o
LOAD e:/devkitpro/devkitarm/bin/../lib/gcc/arm-none-eabi/7.1.0/thumb/crtbegin.o
LOAD logo.o
LOAD main.o
LOAD E:/devkitPro/libnds/lib\libnds9.a
LOAD e:/devkitpro/devkitarm/bin/../lib/gcc/arm-none-eabi/7.1.0/../../../../arm-none-eabi/lib/thumb\libstdc++.a
LOAD e:/devkitpro/devkitarm/bin/../lib/gcc/arm-none-eabi/7.1.0/../../../../arm-none-eabi/lib/thumb\libm.a
START GROUP
LOAD e:/devkitpro/devkitarm/bin/../lib/gcc/arm-none-eabi/7.1.0/thumb\libgcc.a
LOAD e:/devkitpro/devkitarm/bin/../lib/gcc/arm-none-eabi/7.1.0/../../../../arm-none-eabi/lib/thumb\libg.a
LOAD e:/devkitpro/devkitarm/bin/../lib/gcc/arm-none-eabi/7.1.0/../../../../arm-none-eabi/lib/thumb\libc.a
LOAD e:/devkitpro/devkitarm/bin/../lib/gcc/arm-none-eabi/7.1.0/../../../../arm-none-eabi/lib/thumb\libsysbase.a
END GROUP
LOAD e:/devkitpro/devkitarm/bin/../lib/gcc/arm-none-eabi/7.1.0/thumb/crtend.o
LOAD e:/devkitpro/devkitarm/bin/../lib/gcc/arm-none-eabi/7.1.0/thumb/crtn.o
OUTPUT(E:/dsi-tool/DSi-Stage2-Error/DSi-Stage2-Error.elf elf32-littlearm)

.debug_ranges   0x00000000      0xa30
 .debug_ranges  0x00000000       0xc0 main.o
 .debug_ranges  0x000000c0       0x58 E:/devkitPro/libnds/lib\libnds9.a(keys.o)
 .debug_ranges  0x00000118       0xf8 E:/devkitPro/libnds/lib\libnds9.a(background.o)
 .debug_ranges  0x00000210       0x10 E:/devkitPro/libnds/lib\libnds9.a(initSystem.o)
 .debug_ranges  0x00000220      0x488 E:/devkitPro/libnds/lib\libnds9.a(fifosystem.o)
 .debug_ranges  0x000006a8       0x18 E:/devkitPro/libnds/lib\libnds9.a(libnds_exit.arm.o)
 .debug_ranges  0x000006c0       0xe8 E:/devkitPro/libnds/lib\libnds9.a(interrupts.o)
 .debug_ranges  0x000007a8       0x20 E:/devkitPro/libnds/lib\libnds9.a(IntrWait.o)
 .debug_ranges  0x000007c8       0x28 E:/devkitPro/libnds/lib\libnds9.a(mpu_setup.o)
 .debug_ranges  0x000007f0       0xc8 E:/devkitPro/libnds/lib\libnds9.a(trig.o)
 .debug_ranges  0x000008b8       0x58 E:/devkitPro/libnds/lib\libnds9.a(system.o)
 .debug_ranges  0x00000910       0x50 E:/devkitPro/libnds/lib\libnds9.a(video.o)
 .debug_ranges  0x00000960       0x10 E:/devkitPro/libnds/lib\libnds9.a(timeSupport.o)
 .debug_ranges  0x00000970       0xc0 E:/devkitPro/libnds/lib\libnds9.a(biosCalls.o)
